###############################################################################
###############################################################################
###############################################################################
###############################################################################
###############################################################################
###############################################################################
###############################################################################
###############################################################################
###############################################################################
###############################################################################
###############################################################################
###############################################################################
###############################################################################
###############################################################################
###############################################################################
###############################################################################
###############################################################################
###############################################################################
###############################################################################
###############################################################################
###############################################################################
###############################################################################
###############################################################################
###############################################################################
###############################################################################
###############################################################################
###############################################################################
###############################################################################
###############################################################################
###############################################################################
###############################################################################
###############################################################################
###############################################################################
###############################################################################
###############################################################################
###############################################################################
###############################################################################
###############################################################################
###############################################################################
###############################################################################
###############################################################################
###############################################################################
###############################################################################
###############################################################################
###############################################################################
###############################################################################
###############################################################################
###############################################################################
###############################################################################
###############################################################################
###############################################################################
###############################################################################
###############################################################################
###############################################################################
###############################################################################
###############################################################################
###############################################################################
###############################################################################
###############################################################################
###############################################################################
###############################################################################
###############################################################################
###############################################################################
###############################################################################
###############################################################################
###############################################################################
###############################################################################
###############################################################################
###############################################################################
###############################################################################
###############################################################################
###############################################################################
###############################################################################
###############################################################################
###############################################################################
###############################################################################
###############################################################################
###############################################################################
###############################################################################
###############################################################################
###############################################################################
###############################################################################
###############################################################################
###############################################################################
###############################################################################
###############################################################################
##############
Testing LC_CTYPE en_US.ISO-8859-1
################
Testing LC_CTYPE ja_JP.eucjp
######################################
All 7311 tests passed.
